Archive member included because of file (symbol)

/usr/local/CrossPack-AVR-20100115/lib/gcc/avr/4.3.3/../../../../avr/lib/avr25/libc.a(exit.o)
                              /usr/local/CrossPack-AVR-20100115/lib/gcc/avr/4.3.3/../../../../avr/lib/avr25/crttn85.o (exit)
/usr/local/CrossPack-AVR-20100115/lib/gcc/avr/4.3.3/../../../../avr/lib/avr25/libc.a(iob.o)
                              main.o (__iob)
/usr/local/CrossPack-AVR-20100115/lib/gcc/avr/4.3.3/../../../../avr/lib/avr25/libc.a(printf.o)
                              main.o (printf)
/usr/local/CrossPack-AVR-20100115/lib/gcc/avr/4.3.3/../../../../avr/lib/avr25/libc.a(putchar.o)
                              main.o (putchar)
/usr/local/CrossPack-AVR-20100115/lib/gcc/avr/4.3.3/../../../../avr/lib/avr25/libc.a(puts_p.o)
                              main.o (puts_P)
/usr/local/CrossPack-AVR-20100115/lib/gcc/avr/4.3.3/../../../../avr/lib/avr25/libc.a(vfprintf_std.o)
                              /usr/local/CrossPack-AVR-20100115/lib/gcc/avr/4.3.3/../../../../avr/lib/avr25/libc.a(printf.o) (vfprintf)
/usr/local/CrossPack-AVR-20100115/lib/gcc/avr/4.3.3/../../../../avr/lib/avr25/libc.a(eewr_byte_attiny85.o)
                              main.o (__eewr_byte_tn85)
/usr/local/CrossPack-AVR-20100115/lib/gcc/avr/4.3.3/../../../../avr/lib/avr25/libc.a(strnlen_P.o)
                              /usr/local/CrossPack-AVR-20100115/lib/gcc/avr/4.3.3/../../../../avr/lib/avr25/libc.a(vfprintf_std.o) (strnlen_P)
/usr/local/CrossPack-AVR-20100115/lib/gcc/avr/4.3.3/../../../../avr/lib/avr25/libc.a(strnlen.o)
                              /usr/local/CrossPack-AVR-20100115/lib/gcc/avr/4.3.3/../../../../avr/lib/avr25/libc.a(vfprintf_std.o) (strnlen)
/usr/local/CrossPack-AVR-20100115/lib/gcc/avr/4.3.3/../../../../avr/lib/avr25/libc.a(fputc.o)
                              /usr/local/CrossPack-AVR-20100115/lib/gcc/avr/4.3.3/../../../../avr/lib/avr25/libc.a(putchar.o) (fputc)
/usr/local/CrossPack-AVR-20100115/lib/gcc/avr/4.3.3/../../../../avr/lib/avr25/libc.a(ultoa_invert.o)
                              /usr/local/CrossPack-AVR-20100115/lib/gcc/avr/4.3.3/../../../../avr/lib/avr25/libc.a(vfprintf_std.o) (__ultoa_invert)
/usr/local/CrossPack-AVR-20100115/lib/gcc/avr/4.3.3/avr25/libgcc.a(_mulhi3.o)
                              /usr/local/CrossPack-AVR-20100115/lib/gcc/avr/4.3.3/../../../../avr/lib/avr25/libc.a(vfprintf_std.o) (__mulhi3)
/usr/local/CrossPack-AVR-20100115/lib/gcc/avr/4.3.3/avr25/libgcc.a(_divmodhi4.o)
                              main.o (__divmodhi4)
/usr/local/CrossPack-AVR-20100115/lib/gcc/avr/4.3.3/avr25/libgcc.a(_prologue.o)
                              /usr/local/CrossPack-AVR-20100115/lib/gcc/avr/4.3.3/../../../../avr/lib/avr25/libc.a(printf.o) (__prologue_saves__)
/usr/local/CrossPack-AVR-20100115/lib/gcc/avr/4.3.3/avr25/libgcc.a(_epilogue.o)
                              /usr/local/CrossPack-AVR-20100115/lib/gcc/avr/4.3.3/../../../../avr/lib/avr25/libc.a(printf.o) (__epilogue_restores__)
/usr/local/CrossPack-AVR-20100115/lib/gcc/avr/4.3.3/avr25/libgcc.a(_exit.o)
                              /usr/local/CrossPack-AVR-20100115/lib/gcc/avr/4.3.3/../../../../avr/lib/avr25/libc.a(exit.o) (_exit)
/usr/local/CrossPack-AVR-20100115/lib/gcc/avr/4.3.3/avr25/libgcc.a(_copy_data.o)
                              main.o (__do_copy_data)
/usr/local/CrossPack-AVR-20100115/lib/gcc/avr/4.3.3/avr25/libgcc.a(_clear_bss.o)
                              main.o (__do_clear_bss)
/usr/local/CrossPack-AVR-20100115/lib/gcc/avr/4.3.3/avr25/libgcc.a(_udivmodhi4.o)
                              /usr/local/CrossPack-AVR-20100115/lib/gcc/avr/4.3.3/avr25/libgcc.a(_divmodhi4.o) (__udivmodhi4)

Allocating common symbols
Common symbol       size              file

usbTxBuf            0xb               usbdrv.o
clockstate          0x2               main.o
usbTxStatus1        0xc               usbdrv.o
poolcout            0x2               main.o
usbDeviceAddr       0x1               usbdrv.o
usbRxToken          0x1               usbdrv.o
usbInputBufOffset   0x1               usbdrv.o
usbMsgPtr           0x2               usbdrv.o
usbRxLen            0x1               usbdrv.o
usbNewDeviceAddr    0x1               usbdrv.o
usbCurrentTok       0x1               usbdrv.o
usbConfiguration    0x1               usbdrv.o
usbRxBuf            0x16              usbdrv.o
__iob               0x6               /usr/local/CrossPack-AVR-20100115/lib/gcc/avr/4.3.3/../../../../avr/lib/avr25/libc.a(iob.o)

Discarded input sections

 .data          0x00000000        0x0 /usr/local/CrossPack-AVR-20100115/lib/gcc/avr/4.3.3/../../../../avr/lib/avr25/crttn85.o
 .bss           0x00000000        0x0 /usr/local/CrossPack-AVR-20100115/lib/gcc/avr/4.3.3/../../../../avr/lib/avr25/crttn85.o
 .text          0x00000000        0x0 main.o
 .bss           0x00000000        0x0 main.o
 .text.usbEventResetReady
                0x00000000        0x0 main.o
 .text          0x00000000        0x0 usbdrv.o
 .data          0x00000000        0x0 usbdrv.o
 .bss           0x00000000        0x0 usbdrv.o
 .data          0x00000000        0x0 usbdrvasm.o
 .bss           0x00000000        0x0 usbdrvasm.o
 .text          0x00000000        0x0 /usr/local/CrossPack-AVR-20100115/lib/gcc/avr/4.3.3/../../../../avr/lib/avr25/libc.a(exit.o)
 .data          0x00000000        0x0 /usr/local/CrossPack-AVR-20100115/lib/gcc/avr/4.3.3/../../../../avr/lib/avr25/libc.a(exit.o)
 .bss           0x00000000        0x0 /usr/local/CrossPack-AVR-20100115/lib/gcc/avr/4.3.3/../../../../avr/lib/avr25/libc.a(exit.o)
 .text          0x00000000        0x0 /usr/local/CrossPack-AVR-20100115/lib/gcc/avr/4.3.3/../../../../avr/lib/avr25/libc.a(iob.o)
 .data          0x00000000        0x0 /usr/local/CrossPack-AVR-20100115/lib/gcc/avr/4.3.3/../../../../avr/lib/avr25/libc.a(iob.o)
 .bss           0x00000000        0x0 /usr/local/CrossPack-AVR-20100115/lib/gcc/avr/4.3.3/../../../../avr/lib/avr25/libc.a(iob.o)
 .text          0x00000000        0x0 /usr/local/CrossPack-AVR-20100115/lib/gcc/avr/4.3.3/../../../../avr/lib/avr25/libc.a(printf.o)
 .data          0x00000000        0x0 /usr/local/CrossPack-AVR-20100115/lib/gcc/avr/4.3.3/../../../../avr/lib/avr25/libc.a(printf.o)
 .bss           0x00000000        0x0 /usr/local/CrossPack-AVR-20100115/lib/gcc/avr/4.3.3/../../../../avr/lib/avr25/libc.a(printf.o)
 .text          0x00000000        0x0 /usr/local/CrossPack-AVR-20100115/lib/gcc/avr/4.3.3/../../../../avr/lib/avr25/libc.a(putchar.o)
 .data          0x00000000        0x0 /usr/local/CrossPack-AVR-20100115/lib/gcc/avr/4.3.3/../../../../avr/lib/avr25/libc.a(putchar.o)
 .bss           0x00000000        0x0 /usr/local/CrossPack-AVR-20100115/lib/gcc/avr/4.3.3/../../../../avr/lib/avr25/libc.a(putchar.o)
 .text          0x00000000        0x0 /usr/local/CrossPack-AVR-20100115/lib/gcc/avr/4.3.3/../../../../avr/lib/avr25/libc.a(puts_p.o)
 .data          0x00000000        0x0 /usr/local/CrossPack-AVR-20100115/lib/gcc/avr/4.3.3/../../../../avr/lib/avr25/libc.a(puts_p.o)
 .bss           0x00000000        0x0 /usr/local/CrossPack-AVR-20100115/lib/gcc/avr/4.3.3/../../../../avr/lib/avr25/libc.a(puts_p.o)
 .text          0x00000000        0x0 /usr/local/CrossPack-AVR-20100115/lib/gcc/avr/4.3.3/../../../../avr/lib/avr25/libc.a(vfprintf_std.o)
 .data          0x00000000        0x0 /usr/local/CrossPack-AVR-20100115/lib/gcc/avr/4.3.3/../../../../avr/lib/avr25/libc.a(vfprintf_std.o)
 .bss           0x00000000        0x0 /usr/local/CrossPack-AVR-20100115/lib/gcc/avr/4.3.3/../../../../avr/lib/avr25/libc.a(vfprintf_std.o)
 .text          0x00000000        0x0 /usr/local/CrossPack-AVR-20100115/lib/gcc/avr/4.3.3/../../../../avr/lib/avr25/libc.a(eewr_byte_attiny85.o)
 .data          0x00000000        0x0 /usr/local/CrossPack-AVR-20100115/lib/gcc/avr/4.3.3/../../../../avr/lib/avr25/libc.a(eewr_byte_attiny85.o)
 .bss           0x00000000        0x0 /usr/local/CrossPack-AVR-20100115/lib/gcc/avr/4.3.3/../../../../avr/lib/avr25/libc.a(eewr_byte_attiny85.o)
 .text.avr-libc
                0x00000000        0x0 /usr/local/CrossPack-AVR-20100115/lib/gcc/avr/4.3.3/../../../../avr/lib/avr25/libc.a(eewr_byte_attiny85.o)
 .text          0x00000000        0x0 /usr/local/CrossPack-AVR-20100115/lib/gcc/avr/4.3.3/../../../../avr/lib/avr25/libc.a(strnlen_P.o)
 .data          0x00000000        0x0 /usr/local/CrossPack-AVR-20100115/lib/gcc/avr/4.3.3/../../../../avr/lib/avr25/libc.a(strnlen_P.o)
 .bss           0x00000000        0x0 /usr/local/CrossPack-AVR-20100115/lib/gcc/avr/4.3.3/../../../../avr/lib/avr25/libc.a(strnlen_P.o)
 .text          0x00000000        0x0 /usr/local/CrossPack-AVR-20100115/lib/gcc/avr/4.3.3/../../../../avr/lib/avr25/libc.a(strnlen.o)
 .data          0x00000000        0x0 /usr/local/CrossPack-AVR-20100115/lib/gcc/avr/4.3.3/../../../../avr/lib/avr25/libc.a(strnlen.o)
 .bss           0x00000000        0x0 /usr/local/CrossPack-AVR-20100115/lib/gcc/avr/4.3.3/../../../../avr/lib/avr25/libc.a(strnlen.o)
 .text          0x00000000        0x0 /usr/local/CrossPack-AVR-20100115/lib/gcc/avr/4.3.3/../../../../avr/lib/avr25/libc.a(fputc.o)
 .data          0x00000000        0x0 /usr/local/CrossPack-AVR-20100115/lib/gcc/avr/4.3.3/../../../../avr/lib/avr25/libc.a(fputc.o)
 .bss           0x00000000        0x0 /usr/local/CrossPack-AVR-20100115/lib/gcc/avr/4.3.3/../../../../avr/lib/avr25/libc.a(fputc.o)
 .text          0x00000000        0x0 /usr/local/CrossPack-AVR-20100115/lib/gcc/avr/4.3.3/../../../../avr/lib/avr25/libc.a(ultoa_invert.o)
 .data          0x00000000        0x0 /usr/local/CrossPack-AVR-20100115/lib/gcc/avr/4.3.3/../../../../avr/lib/avr25/libc.a(ultoa_invert.o)
 .bss           0x00000000        0x0 /usr/local/CrossPack-AVR-20100115/lib/gcc/avr/4.3.3/../../../../avr/lib/avr25/libc.a(ultoa_invert.o)
 .text          0x00000000        0x0 /usr/local/CrossPack-AVR-20100115/lib/gcc/avr/4.3.3/avr25/libgcc.a(_mulhi3.o)
 .data          0x00000000        0x0 /usr/local/CrossPack-AVR-20100115/lib/gcc/avr/4.3.3/avr25/libgcc.a(_mulhi3.o)
 .bss           0x00000000        0x0 /usr/local/CrossPack-AVR-20100115/lib/gcc/avr/4.3.3/avr25/libgcc.a(_mulhi3.o)
 .text          0x00000000        0x0 /usr/local/CrossPack-AVR-20100115/lib/gcc/avr/4.3.3/avr25/libgcc.a(_divmodhi4.o)
 .data          0x00000000        0x0 /usr/local/CrossPack-AVR-20100115/lib/gcc/avr/4.3.3/avr25/libgcc.a(_divmodhi4.o)
 .bss           0x00000000        0x0 /usr/local/CrossPack-AVR-20100115/lib/gcc/avr/4.3.3/avr25/libgcc.a(_divmodhi4.o)
 .text          0x00000000        0x0 /usr/local/CrossPack-AVR-20100115/lib/gcc/avr/4.3.3/avr25/libgcc.a(_prologue.o)
 .data          0x00000000        0x0 /usr/local/CrossPack-AVR-20100115/lib/gcc/avr/4.3.3/avr25/libgcc.a(_prologue.o)
 .bss           0x00000000        0x0 /usr/local/CrossPack-AVR-20100115/lib/gcc/avr/4.3.3/avr25/libgcc.a(_prologue.o)
 .text          0x00000000        0x0 /usr/local/CrossPack-AVR-20100115/lib/gcc/avr/4.3.3/avr25/libgcc.a(_epilogue.o)
 .data          0x00000000        0x0 /usr/local/CrossPack-AVR-20100115/lib/gcc/avr/4.3.3/avr25/libgcc.a(_epilogue.o)
 .bss           0x00000000        0x0 /usr/local/CrossPack-AVR-20100115/lib/gcc/avr/4.3.3/avr25/libgcc.a(_epilogue.o)
 .text          0x00000000        0x0 /usr/local/CrossPack-AVR-20100115/lib/gcc/avr/4.3.3/avr25/libgcc.a(_exit.o)
 .data          0x00000000        0x0 /usr/local/CrossPack-AVR-20100115/lib/gcc/avr/4.3.3/avr25/libgcc.a(_exit.o)
 .bss           0x00000000        0x0 /usr/local/CrossPack-AVR-20100115/lib/gcc/avr/4.3.3/avr25/libgcc.a(_exit.o)
 .text.libgcc   0x00000000        0x0 /usr/local/CrossPack-AVR-20100115/lib/gcc/avr/4.3.3/avr25/libgcc.a(_exit.o)
 .text          0x00000000        0x0 /usr/local/CrossPack-AVR-20100115/lib/gcc/avr/4.3.3/avr25/libgcc.a(_copy_data.o)
 .data          0x00000000        0x0 /usr/local/CrossPack-AVR-20100115/lib/gcc/avr/4.3.3/avr25/libgcc.a(_copy_data.o)
 .bss           0x00000000        0x0 /usr/local/CrossPack-AVR-20100115/lib/gcc/avr/4.3.3/avr25/libgcc.a(_copy_data.o)
 .text.libgcc   0x00000000        0x0 /usr/local/CrossPack-AVR-20100115/lib/gcc/avr/4.3.3/avr25/libgcc.a(_copy_data.o)
 .text          0x00000000        0x0 /usr/local/CrossPack-AVR-20100115/lib/gcc/avr/4.3.3/avr25/libgcc.a(_clear_bss.o)
 .data          0x00000000        0x0 /usr/local/CrossPack-AVR-20100115/lib/gcc/avr/4.3.3/avr25/libgcc.a(_clear_bss.o)
 .bss           0x00000000        0x0 /usr/local/CrossPack-AVR-20100115/lib/gcc/avr/4.3.3/avr25/libgcc.a(_clear_bss.o)
 .text.libgcc   0x00000000        0x0 /usr/local/CrossPack-AVR-20100115/lib/gcc/avr/4.3.3/avr25/libgcc.a(_clear_bss.o)
 .text          0x00000000        0x0 /usr/local/CrossPack-AVR-20100115/lib/gcc/avr/4.3.3/avr25/libgcc.a(_udivmodhi4.o)
 .data          0x00000000        0x0 /usr/local/CrossPack-AVR-20100115/lib/gcc/avr/4.3.3/avr25/libgcc.a(_udivmodhi4.o)
 .bss           0x00000000        0x0 /usr/local/CrossPack-AVR-20100115/lib/gcc/avr/4.3.3/avr25/libgcc.a(_udivmodhi4.o)

Memory Configuration

Name             Origin             Length             Attributes
text             0x00000000         0x00002000         xr
data             0x00800060         0x0000ffa0         rw !x
eeprom           0x00810000         0x00010000         rw !x
fuse             0x00820000         0x00000400         rw !x
lock             0x00830000         0x00000400         rw !x
signature        0x00840000         0x00000400         rw !x
*default*        0x00000000         0xffffffff

Linker script and memory map

LOAD /usr/local/CrossPack-AVR-20100115/lib/gcc/avr/4.3.3/../../../../avr/lib/avr25/crttn85.o
LOAD main.o
LOAD usbdrv.o
LOAD usbdrvasm.o
LOAD /usr/local/CrossPack-AVR-20100115/lib/gcc/avr/4.3.3/../../../../avr/lib/avr25/libm.a
LOAD /usr/local/CrossPack-AVR-20100115/lib/gcc/avr/4.3.3/../../../../avr/lib/avr25/libc.a
LOAD /usr/local/CrossPack-AVR-20100115/lib/gcc/avr/4.3.3/avr25/libgcc.a
LOAD /usr/local/CrossPack-AVR-20100115/lib/gcc/avr/4.3.3/../../../../avr/lib/avr25/libc.a
LOAD /usr/local/CrossPack-AVR-20100115/lib/gcc/avr/4.3.3/avr25/libgcc.a

.hash
 *(.hash)

.dynsym
 *(.dynsym)

.dynstr
 *(.dynstr)

.gnu.version
 *(.gnu.version)

.gnu.version_d
 *(.gnu.version_d)

.gnu.version_r
 *(.gnu.version_r)

.rel.init
 *(.rel.init)

.rela.init
 *(.rela.init)

.rel.text
 *(.rel.text)
 *(.rel.text.*)
 *(.rel.gnu.linkonce.t*)

.rela.text
 *(.rela.text)
 *(.rela.text.*)
 *(.rela.gnu.linkonce.t*)

.rel.fini
 *(.rel.fini)

.rela.fini
 *(.rela.fini)

.rel.rodata
 *(.rel.rodata)
 *(.rel.rodata.*)
 *(.rel.gnu.linkonce.r*)

.rela.rodata
 *(.rela.rodata)
 *(.rela.rodata.*)
 *(.rela.gnu.linkonce.r*)

.rel.data
 *(.rel.data)
 *(.rel.data.*)
 *(.rel.gnu.linkonce.d*)

.rela.data
 *(.rela.data)
 *(.rela.data.*)
 *(.rela.gnu.linkonce.d*)

.rel.ctors
 *(.rel.ctors)

.rela.ctors
 *(.rela.ctors)

.rel.dtors
 *(.rel.dtors)

.rela.dtors
 *(.rela.dtors)

.rel.got
 *(.rel.got)

.rela.got
 *(.rela.got)

.rel.bss
 *(.rel.bss)

.rela.bss
 *(.rela.bss)

.rel.plt
 *(.rel.plt)

.rela.plt
 *(.rela.plt)

.text           0x00000000     0x1716
 *(.vectors)
 .vectors       0x00000000       0x1e /usr/local/CrossPack-AVR-20100115/lib/gcc/avr/4.3.3/../../../../avr/lib/avr25/crttn85.o
                0x00000000                __vectors
                0x00000000                __vector_default
 *(.vectors)
 *(.progmem.gcc*)
 .progmem.gcc_sw_table
                0x0000001e       0x10 main.o
 *(.progmem*)
 .progmem.data  0x0000002e      0x196 main.o
                0x0000002e                usbDescriptorHidReport
 .progmem.data  0x000001c4       0x7a usbdrv.o
                0x0000020a                usbDescriptorDevice
                0x000001c4                usbDescriptorString0
                0x0000021c                usbDescriptorConfiguration
                0x000001c8                usbDescriptorStringVendor
                0x000001e4                usbDescriptorStringDevice
                0x0000023e                . = ALIGN (0x2)
                0x0000023e                __trampolines_start = .
 *(.trampolines)
 .trampolines   0x0000023e        0x0 linker stubs
 *(.trampolines*)
                0x0000023e                __trampolines_end = .
 *(.jumptables)
 *(.jumptables*)
 *(.lowtext)
 *(.lowtext*)
                0x0000023e                __ctors_start = .
 *(.ctors)
                0x0000023e                __ctors_end = .
                0x0000023e                __dtors_start = .
 *(.dtors)
                0x0000023e                __dtors_end = .
 SORT(*)(.ctors)
 SORT(*)(.dtors)
 *(.init0)
 .init0         0x0000023e        0x0 /usr/local/CrossPack-AVR-20100115/lib/gcc/avr/4.3.3/../../../../avr/lib/avr25/crttn85.o
                0x0000023e                __init
 *(.init0)
 *(.init1)
 *(.init1)
 *(.init2)
 .init2         0x0000023e        0xc /usr/local/CrossPack-AVR-20100115/lib/gcc/avr/4.3.3/../../../../avr/lib/avr25/crttn85.o
 *(.init2)
 *(.init3)
 *(.init3)
 *(.init4)
 .init4         0x0000024a       0x16 /usr/local/CrossPack-AVR-20100115/lib/gcc/avr/4.3.3/avr25/libgcc.a(_copy_data.o)
                0x0000024a                __do_copy_data
 .init4         0x00000260       0x10 /usr/local/CrossPack-AVR-20100115/lib/gcc/avr/4.3.3/avr25/libgcc.a(_clear_bss.o)
                0x00000260                __do_clear_bss
 *(.init4)
 *(.init5)
 *(.init5)
 *(.init6)
 *(.init6)
 *(.init7)
 *(.init7)
 *(.init8)
 *(.init8)
 *(.init9)
 .init9         0x00000270        0x4 /usr/local/CrossPack-AVR-20100115/lib/gcc/avr/4.3.3/../../../../avr/lib/avr25/crttn85.o
 *(.init9)
 *(.text)
 .text          0x00000274        0x2 /usr/local/CrossPack-AVR-20100115/lib/gcc/avr/4.3.3/../../../../avr/lib/avr25/crttn85.o
                0x00000274                __vector_12
                0x00000274                __bad_interrupt
                0x00000274                __vector_6
                0x00000274                __vector_3
                0x00000274                __vector_11
                0x00000274                __vector_13
                0x00000274                __vector_7
                0x00000274                __vector_5
                0x00000274                __vector_4
                0x00000274                __vector_9
                0x00000274                __vector_2
                0x00000274                __vector_8
                0x00000274                __vector_14
                0x00000274                __vector_10
 .text          0x00000276      0x314 usbdrvasm.o
                0x000002ce                __vector_1
                0x00000276                usbCrc16
                0x000002a0                usbCrc16Append
                0x000002a8                usbMeasureFrameLength
                0x0000058a                . = ALIGN (0x2)
 *(.text.*)
 .text.usbFunctionSetup
                0x0000058a       0x8e main.o
                0x0000058a                usbFunctionSetup
 .text.usbFunctionWrite
                0x00000618       0x34 main.o
                0x00000618                usbFunctionWrite
 .text.usbFunctionRead
                0x0000064c        0x4 main.o
                0x0000064c                usbFunctionRead
 .text.inputPoll
                0x00000650       0x64 main.o
                0x00000650                inputPoll
 .text.usbSendHidReport
                0x000006b4       0x22 main.o
                0x000006b4                usbSendHidReport
 .text.mouse_report_once
                0x000006d6        0xc main.o
                0x000006d6                mouse_report_once
 .text.mouse_move
                0x000006e2       0xae main.o
                0x000006e2                mouse_move
 .text.send_report_once
                0x00000790        0xa main.o
                0x00000790                send_report_once
 .text.addDigit
                0x0000079a       0x30 main.o
 .text.main     0x000007ca      0x37e main.o
                0x000007ca                main
 .text.ASCII_to_keycode
                0x00000b48      0x29a main.o
                0x00000b48                ASCII_to_keycode
 .text.type_out_char
                0x00000de2        0x4 main.o
                0x00000de2                type_out_char
 .text.usbInit  0x00000de6       0x1a usbdrv.o
                0x00000de6                usbInit
 .text.usbSetInterrupt
                0x00000e00       0x42 usbdrv.o
                0x00000e00                usbSetInterrupt
 .text.usbPoll  0x00000e42      0x268 usbdrv.o
                0x00000e42                usbPoll
 .text.avr-libc
                0x000010aa        0x4 /usr/local/CrossPack-AVR-20100115/lib/gcc/avr/4.3.3/../../../../avr/lib/avr25/libc.a(exit.o)
                0x000010aa                exit
 .text.avr-libc
                0x000010ae       0x24 /usr/local/CrossPack-AVR-20100115/lib/gcc/avr/4.3.3/../../../../avr/lib/avr25/libc.a(printf.o)
                0x000010ae                printf
 .text.avr-libc
                0x000010d2        0xc /usr/local/CrossPack-AVR-20100115/lib/gcc/avr/4.3.3/../../../../avr/lib/avr25/libc.a(putchar.o)
                0x000010d2                putchar
 .text.avr-libc
                0x000010de       0x6a /usr/local/CrossPack-AVR-20100115/lib/gcc/avr/4.3.3/../../../../avr/lib/avr25/libc.a(puts_p.o)
                0x000010de                puts_P
 .text.avr-libc
                0x00001148      0x3a6 /usr/local/CrossPack-AVR-20100115/lib/gcc/avr/4.3.3/../../../../avr/lib/avr25/libc.a(vfprintf_std.o)
                0x00001148                vfprintf
 .text.avr-libc
                0x000014ee       0x16 /usr/local/CrossPack-AVR-20100115/lib/gcc/avr/4.3.3/../../../../avr/lib/avr25/libc.a(strnlen_P.o)
                0x000014ee                strnlen_P
 .text.avr-libc
                0x00001504       0x16 /usr/local/CrossPack-AVR-20100115/lib/gcc/avr/4.3.3/../../../../avr/lib/avr25/libc.a(strnlen.o)
                0x00001504                strnlen
 .text.avr-libc
                0x0000151a       0x58 /usr/local/CrossPack-AVR-20100115/lib/gcc/avr/4.3.3/../../../../avr/lib/avr25/libc.a(fputc.o)
                0x0000151a                fputc
 .text.avr-libc
                0x00001572       0xc0 /usr/local/CrossPack-AVR-20100115/lib/gcc/avr/4.3.3/../../../../avr/lib/avr25/libc.a(ultoa_invert.o)
                0x00001572                __ultoa_invert
 .text.libgcc   0x00001632       0x24 /usr/local/CrossPack-AVR-20100115/lib/gcc/avr/4.3.3/avr25/libgcc.a(_mulhi3.o)
                0x00001632                __mulhi3
 .text.libgcc   0x00001656       0x26 /usr/local/CrossPack-AVR-20100115/lib/gcc/avr/4.3.3/avr25/libgcc.a(_divmodhi4.o)
                0x00001656                __divmodhi4
                0x00001656                _div
 .text.libgcc   0x0000167c       0x38 /usr/local/CrossPack-AVR-20100115/lib/gcc/avr/4.3.3/avr25/libgcc.a(_prologue.o)
                0x0000167c                __prologue_saves__
 .text.libgcc   0x000016b4       0x36 /usr/local/CrossPack-AVR-20100115/lib/gcc/avr/4.3.3/avr25/libgcc.a(_epilogue.o)
                0x000016b4                __epilogue_restores__
 .text.libgcc   0x000016ea       0x28 /usr/local/CrossPack-AVR-20100115/lib/gcc/avr/4.3.3/avr25/libgcc.a(_udivmodhi4.o)
                0x000016ea                __udivmodhi4
                0x00001712                . = ALIGN (0x2)
 *(.fini9)
 .fini9         0x00001712        0x0 /usr/local/CrossPack-AVR-20100115/lib/gcc/avr/4.3.3/avr25/libgcc.a(_exit.o)
                0x00001712                _exit
 *(.fini9)
 *(.fini8)
 *(.fini8)
 *(.fini7)
 *(.fini7)
 *(.fini6)
 *(.fini6)
 *(.fini5)
 *(.fini5)
 *(.fini4)
 *(.fini4)
 *(.fini3)
 *(.fini3)
 *(.fini2)
 *(.fini2)
 *(.fini1)
 *(.fini1)
 *(.fini0)
 .fini0         0x00001712        0x4 /usr/local/CrossPack-AVR-20100115/lib/gcc/avr/4.3.3/avr25/libgcc.a(_exit.o)
 *(.fini0)
                0x00001716                _etext = .

.data           0x00800060       0x46 load address 0x00001716
                0x00800060                PROVIDE (__data_start, .)
 *(.data)
 .data          0x00800060       0x33 main.o
 *(.data*)
 .data.bootrun  0x00800093        0x2 main.o
                0x00800093                bootrun
 .data.mystdout
                0x00800095        0xe main.o
 .data.idle_rate
                0x008000a3        0x1 main.o
 .data.usbTxLen
                0x008000a4        0x1 usbdrv.o
                0x008000a4                usbTxLen
 .data.usbMsgLen
                0x008000a5        0x1 usbdrv.o
 *(.rodata)
 *(.rodata*)
 *(.gnu.linkonce.d*)
                0x008000a6                . = ALIGN (0x2)
                0x008000a6                _edata = .
                0x008000a6                PROVIDE (__data_end, .)

.bss            0x008000a6       0x57
                0x008000a6                PROVIDE (__bss_start, .)
 *(.bss)
 *(.bss*)
 .bss.blink_count
                0x008000a6        0x2 main.o
                0x008000a6                blink_count
 .bss.bitnum.1919
                0x008000a8        0x1 main.o
 .bss.timerCnt.1918
                0x008000a9        0x1 main.o
 .bss.timerCnt.1953
                0x008000aa        0x1 main.o
 .bss.LED_state
                0x008000ab        0x1 main.o
 .bss.protocol_version
                0x008000ac        0x1 main.o
 .bss.keyboard_report
                0x008000ad        0x6 main.o
 .bss.mouse_report
                0x008000b3        0x5 main.o
 .bss.adcPending
                0x008000b8        0x1 main.o
 .bss.adcmodepool
                0x008000b9        0x1 main.o
 .bss.bitbag_data
                0x008000ba        0x1 main.o
 .bss.bitbag_mode
                0x008000bb        0x1 main.o
 .bss.usbMsgFlags
                0x008000bc        0x1 usbdrv.o
 *(COMMON)
 COMMON         0x008000bd        0x4 main.o
                0x008000bd                clockstate
                0x008000bf                poolcout
 COMMON         0x008000c1       0x36 usbdrv.o
                0x008000c1                usbTxBuf
                0x008000cc                usbTxStatus1
                0x008000d8                usbDeviceAddr
                0x008000d9                usbRxToken
                0x008000da                usbInputBufOffset
                0x008000db                usbMsgPtr
                0x008000dd                usbRxLen
                0x008000de                usbNewDeviceAddr
                0x008000df                usbCurrentTok
                0x008000e0                usbConfiguration
                0x008000e1                usbRxBuf
 COMMON         0x008000f7        0x6 /usr/local/CrossPack-AVR-20100115/lib/gcc/avr/4.3.3/../../../../avr/lib/avr25/libc.a(iob.o)
                0x008000f7                __iob
                0x008000fd                PROVIDE (__bss_end, .)
                0x00001716                __data_load_start = LOADADDR (.data)
                0x0000175c                __data_load_end = (__data_load_start + SIZEOF (.data))

.noinit         0x008000fd        0x0
                0x008000fd                PROVIDE (__noinit_start, .)
 *(.noinit*)
                0x008000fd                PROVIDE (__noinit_end, .)
                0x008000fd                _end = .
                0x008000fd                PROVIDE (__heap_start, .)

.eeprom         0x00810000        0x0
 *(.eeprom*)
                0x00810000                __eeprom_end = .

.fuse
 *(.fuse)
 *(.lfuse)
 *(.hfuse)
 *(.efuse)

.lock
 *(.lock*)

.signature
 *(.signature*)

.stab           0x00000000      0xd98
 *(.stab)
 .stab          0x00000000      0x6b4 /usr/local/CrossPack-AVR-20100115/lib/gcc/avr/4.3.3/../../../../avr/lib/avr25/crttn85.o
 .stab          0x000006b4       0x30 /usr/local/CrossPack-AVR-20100115/lib/gcc/avr/4.3.3/../../../../avr/lib/avr25/libc.a(exit.o)
                                 0x3c (size before relaxing)
 .stab          0x000006e4       0xe4 /usr/local/CrossPack-AVR-20100115/lib/gcc/avr/4.3.3/../../../../avr/lib/avr25/libc.a(eewr_byte_attiny85.o)
                                 0xf0 (size before relaxing)
 .stab          0x000007c8       0x9c /usr/local/CrossPack-AVR-20100115/lib/gcc/avr/4.3.3/../../../../avr/lib/avr25/libc.a(strnlen_P.o)
                                 0xa8 (size before relaxing)
 .stab          0x00000864       0x9c /usr/local/CrossPack-AVR-20100115/lib/gcc/avr/4.3.3/../../../../avr/lib/avr25/libc.a(strnlen.o)
                                 0xa8 (size before relaxing)
 .stab          0x00000900      0x498 /usr/local/CrossPack-AVR-20100115/lib/gcc/avr/4.3.3/../../../../avr/lib/avr25/libc.a(ultoa_invert.o)
                                0x4a4 (size before relaxing)

.stabstr        0x00000000      0x258
 *(.stabstr)
 .stabstr       0x00000000      0x258 /usr/local/CrossPack-AVR-20100115/lib/gcc/avr/4.3.3/../../../../avr/lib/avr25/crttn85.o

.stab.excl
 *(.stab.excl)

.stab.exclstr
 *(.stab.exclstr)

.stab.index
 *(.stab.index)

.stab.indexstr
 *(.stab.indexstr)

.comment
 *(.comment)

.debug
 *(.debug)

.line
 *(.line)

.debug_srcinfo
 *(.debug_srcinfo)

.debug_sfnames
 *(.debug_sfnames)

.debug_aranges  0x00000000      0x170
 *(.debug_aranges)
 .debug_aranges
                0x00000000       0x80 main.o
 .debug_aranges
                0x00000080       0x30 usbdrv.o
 .debug_aranges
                0x000000b0       0x20 usbdrvasm.o
 .debug_aranges
                0x000000d0       0x20 /usr/local/CrossPack-AVR-20100115/lib/gcc/avr/4.3.3/../../../../avr/lib/avr25/libc.a(printf.o)
 .debug_aranges
                0x000000f0       0x20 /usr/local/CrossPack-AVR-20100115/lib/gcc/avr/4.3.3/../../../../avr/lib/avr25/libc.a(putchar.o)
 .debug_aranges
                0x00000110       0x20 /usr/local/CrossPack-AVR-20100115/lib/gcc/avr/4.3.3/../../../../avr/lib/avr25/libc.a(puts_p.o)
 .debug_aranges
                0x00000130       0x20 /usr/local/CrossPack-AVR-20100115/lib/gcc/avr/4.3.3/../../../../avr/lib/avr25/libc.a(vfprintf_std.o)
 .debug_aranges
                0x00000150       0x20 /usr/local/CrossPack-AVR-20100115/lib/gcc/avr/4.3.3/../../../../avr/lib/avr25/libc.a(fputc.o)

.debug_pubnames
                0x00000000      0x386
 *(.debug_pubnames)
 .debug_pubnames
                0x00000000      0x147 main.o
 .debug_pubnames
                0x00000147      0x190 usbdrv.o
 .debug_pubnames
                0x000002d7       0x1c /usr/local/CrossPack-AVR-20100115/lib/gcc/avr/4.3.3/../../../../avr/lib/avr25/libc.a(iob.o)
 .debug_pubnames
                0x000002f3       0x1d /usr/local/CrossPack-AVR-20100115/lib/gcc/avr/4.3.3/../../../../avr/lib/avr25/libc.a(printf.o)
 .debug_pubnames
                0x00000310       0x1e /usr/local/CrossPack-AVR-20100115/lib/gcc/avr/4.3.3/../../../../avr/lib/avr25/libc.a(putchar.o)
 .debug_pubnames
                0x0000032e       0x1d /usr/local/CrossPack-AVR-20100115/lib/gcc/avr/4.3.3/../../../../avr/lib/avr25/libc.a(puts_p.o)
 .debug_pubnames
                0x0000034b       0x1f /usr/local/CrossPack-AVR-20100115/lib/gcc/avr/4.3.3/../../../../avr/lib/avr25/libc.a(vfprintf_std.o)
 .debug_pubnames
                0x0000036a       0x1c /usr/local/CrossPack-AVR-20100115/lib/gcc/avr/4.3.3/../../../../avr/lib/avr25/libc.a(fputc.o)

.debug_info     0x00000000     0x1f41
 *(.debug_info)
 .debug_info    0x00000000      0xaf7 main.o
 .debug_info    0x00000af7      0x8de usbdrv.o
 .debug_info    0x000013d5       0x67 usbdrvasm.o
 .debug_info    0x0000143c      0x156 /usr/local/CrossPack-AVR-20100115/lib/gcc/avr/4.3.3/../../../../avr/lib/avr25/libc.a(iob.o)
 .debug_info    0x00001592      0x1b4 /usr/local/CrossPack-AVR-20100115/lib/gcc/avr/4.3.3/../../../../avr/lib/avr25/libc.a(printf.o)
 .debug_info    0x00001746      0x178 /usr/local/CrossPack-AVR-20100115/lib/gcc/avr/4.3.3/../../../../avr/lib/avr25/libc.a(putchar.o)
 .debug_info    0x000018be      0x1d1 /usr/local/CrossPack-AVR-20100115/lib/gcc/avr/4.3.3/../../../../avr/lib/avr25/libc.a(puts_p.o)
 .debug_info    0x00001a8f      0x348 /usr/local/CrossPack-AVR-20100115/lib/gcc/avr/4.3.3/../../../../avr/lib/avr25/libc.a(vfprintf_std.o)
 .debug_info    0x00001dd7      0x16a /usr/local/CrossPack-AVR-20100115/lib/gcc/avr/4.3.3/../../../../avr/lib/avr25/libc.a(fputc.o)
 *(.gnu.linkonce.wi.*)

.debug_abbrev   0x00000000      0xc9a
 *(.debug_abbrev)
 .debug_abbrev  0x00000000      0x35c main.o
 .debug_abbrev  0x0000035c      0x2b2 usbdrv.o
 .debug_abbrev  0x0000060e       0x14 usbdrvasm.o
 .debug_abbrev  0x00000622       0xd0 /usr/local/CrossPack-AVR-20100115/lib/gcc/avr/4.3.3/../../../../avr/lib/avr25/libc.a(iob.o)
 .debug_abbrev  0x000006f2      0x10f /usr/local/CrossPack-AVR-20100115/lib/gcc/avr/4.3.3/../../../../avr/lib/avr25/libc.a(printf.o)
 .debug_abbrev  0x00000801       0xed /usr/local/CrossPack-AVR-20100115/lib/gcc/avr/4.3.3/../../../../avr/lib/avr25/libc.a(putchar.o)
 .debug_abbrev  0x000008ee      0x13e /usr/local/CrossPack-AVR-20100115/lib/gcc/avr/4.3.3/../../../../avr/lib/avr25/libc.a(puts_p.o)
 .debug_abbrev  0x00000a2c      0x193 /usr/local/CrossPack-AVR-20100115/lib/gcc/avr/4.3.3/../../../../avr/lib/avr25/libc.a(vfprintf_std.o)
 .debug_abbrev  0x00000bbf       0xdb /usr/local/CrossPack-AVR-20100115/lib/gcc/avr/4.3.3/../../../../avr/lib/avr25/libc.a(fputc.o)

.debug_line     0x00000000     0x18f8
 *(.debug_line)
 .debug_line    0x00000000      0xa98 main.o
 .debug_line    0x00000a98      0x416 usbdrv.o
 .debug_line    0x00000eae      0x1f2 usbdrvasm.o
 .debug_line    0x000010a0       0x83 /usr/local/CrossPack-AVR-20100115/lib/gcc/avr/4.3.3/../../../../avr/lib/avr25/libc.a(iob.o)
 .debug_line    0x00001123      0x106 /usr/local/CrossPack-AVR-20100115/lib/gcc/avr/4.3.3/../../../../avr/lib/avr25/libc.a(printf.o)
 .debug_line    0x00001229       0xa9 /usr/local/CrossPack-AVR-20100115/lib/gcc/avr/4.3.3/../../../../avr/lib/avr25/libc.a(putchar.o)
 .debug_line    0x000012d2       0xc8 /usr/local/CrossPack-AVR-20100115/lib/gcc/avr/4.3.3/../../../../avr/lib/avr25/libc.a(puts_p.o)
 .debug_line    0x0000139a      0x487 /usr/local/CrossPack-AVR-20100115/lib/gcc/avr/4.3.3/../../../../avr/lib/avr25/libc.a(vfprintf_std.o)
 .debug_line    0x00001821       0xd7 /usr/local/CrossPack-AVR-20100115/lib/gcc/avr/4.3.3/../../../../avr/lib/avr25/libc.a(fputc.o)

.debug_frame    0x00000000      0x1c0
 *(.debug_frame)
 .debug_frame   0x00000000       0xe0 main.o
 .debug_frame   0x000000e0       0x40 usbdrv.o
 .debug_frame   0x00000120       0x20 /usr/local/CrossPack-AVR-20100115/lib/gcc/avr/4.3.3/../../../../avr/lib/avr25/libc.a(printf.o)
 .debug_frame   0x00000140       0x20 /usr/local/CrossPack-AVR-20100115/lib/gcc/avr/4.3.3/../../../../avr/lib/avr25/libc.a(putchar.o)
 .debug_frame   0x00000160       0x20 /usr/local/CrossPack-AVR-20100115/lib/gcc/avr/4.3.3/../../../../avr/lib/avr25/libc.a(puts_p.o)
 .debug_frame   0x00000180       0x20 /usr/local/CrossPack-AVR-20100115/lib/gcc/avr/4.3.3/../../../../avr/lib/avr25/libc.a(vfprintf_std.o)
 .debug_frame   0x000001a0       0x20 /usr/local/CrossPack-AVR-20100115/lib/gcc/avr/4.3.3/../../../../avr/lib/avr25/libc.a(fputc.o)

.debug_str      0x00000000      0x7e7
 *(.debug_str)
 .debug_str     0x00000000      0x3d0 main.o
                                0x430 (size before relaxing)
 .debug_str     0x000003d0      0x287 usbdrv.o
                                0x3fa (size before relaxing)
 .debug_str     0x00000657       0x7d /usr/local/CrossPack-AVR-20100115/lib/gcc/avr/4.3.3/../../../../avr/lib/avr25/libc.a(iob.o)
                                0x121 (size before relaxing)
 .debug_str     0x000006d4       0x3e /usr/local/CrossPack-AVR-20100115/lib/gcc/avr/4.3.3/../../../../avr/lib/avr25/libc.a(printf.o)
                                0x154 (size before relaxing)
 .debug_str     0x00000712       0x26 /usr/local/CrossPack-AVR-20100115/lib/gcc/avr/4.3.3/../../../../avr/lib/avr25/libc.a(putchar.o)
                                0x12d (size before relaxing)
 .debug_str     0x00000738       0x24 /usr/local/CrossPack-AVR-20100115/lib/gcc/avr/4.3.3/../../../../avr/lib/avr25/libc.a(puts_p.o)
                                0x146 (size before relaxing)
 .debug_str     0x0000075c       0x69 /usr/local/CrossPack-AVR-20100115/lib/gcc/avr/4.3.3/../../../../avr/lib/avr25/libc.a(vfprintf_std.o)
                                0x19a (size before relaxing)
 .debug_str     0x000007c5       0x22 /usr/local/CrossPack-AVR-20100115/lib/gcc/avr/4.3.3/../../../../avr/lib/avr25/libc.a(fputc.o)
                                0x12a (size before relaxing)

.debug_loc      0x00000000      0xc48
 *(.debug_loc)
 .debug_loc     0x00000000      0x34d main.o
 .debug_loc     0x0000034d      0x3b9 usbdrv.o
 .debug_loc     0x00000706       0x18 /usr/local/CrossPack-AVR-20100115/lib/gcc/avr/4.3.3/../../../../avr/lib/avr25/libc.a(putchar.o)
 .debug_loc     0x0000071e       0x5e /usr/local/CrossPack-AVR-20100115/lib/gcc/avr/4.3.3/../../../../avr/lib/avr25/libc.a(puts_p.o)
 .debug_loc     0x0000077c      0x46c /usr/local/CrossPack-AVR-20100115/lib/gcc/avr/4.3.3/../../../../avr/lib/avr25/libc.a(vfprintf_std.o)
 .debug_loc     0x00000be8       0x60 /usr/local/CrossPack-AVR-20100115/lib/gcc/avr/4.3.3/../../../../avr/lib/avr25/libc.a(fputc.o)

.debug_macinfo
 *(.debug_macinfo)
OUTPUT(output/AVRTestingDevice.elf elf32-avr)
LOAD linker stubs

.debug_ranges   0x00000000      0x1d0
 .debug_ranges  0x00000000       0xc8 main.o
 .debug_ranges  0x000000c8       0x78 usbdrv.o
 .debug_ranges  0x00000140       0x18 /usr/local/CrossPack-AVR-20100115/lib/gcc/avr/4.3.3/../../../../avr/lib/avr25/libc.a(printf.o)
 .debug_ranges  0x00000158       0x18 /usr/local/CrossPack-AVR-20100115/lib/gcc/avr/4.3.3/../../../../avr/lib/avr25/libc.a(putchar.o)
 .debug_ranges  0x00000170       0x18 /usr/local/CrossPack-AVR-20100115/lib/gcc/avr/4.3.3/../../../../avr/lib/avr25/libc.a(puts_p.o)
 .debug_ranges  0x00000188       0x30 /usr/local/CrossPack-AVR-20100115/lib/gcc/avr/4.3.3/../../../../avr/lib/avr25/libc.a(vfprintf_std.o)
 .debug_ranges  0x000001b8       0x18 /usr/local/CrossPack-AVR-20100115/lib/gcc/avr/4.3.3/../../../../avr/lib/avr25/libc.a(fputc.o)
