Archive member included because of file (symbol)

/usr/local/CrossPack-AVR-20100115/lib/gcc/avr/4.3.3/../../../../avr/lib/avr25/libc.a(exit.o)
                              /usr/local/CrossPack-AVR-20100115/lib/gcc/avr/4.3.3/../../../../avr/lib/avr25/crttn85.o (exit)
/usr/local/CrossPack-AVR-20100115/lib/gcc/avr/4.3.3/../../../../avr/lib/avr25/libc.a(iob.o)
                              main.o (__iob)
/usr/local/CrossPack-AVR-20100115/lib/gcc/avr/4.3.3/../../../../avr/lib/avr25/libc.a(printf.o)
                              main.o (printf)
/usr/local/CrossPack-AVR-20100115/lib/gcc/avr/4.3.3/../../../../avr/lib/avr25/libc.a(puts_p.o)
                              main.o (puts_P)
/usr/local/CrossPack-AVR-20100115/lib/gcc/avr/4.3.3/../../../../avr/lib/avr25/libc.a(vfprintf_std.o)
                              /usr/local/CrossPack-AVR-20100115/lib/gcc/avr/4.3.3/../../../../avr/lib/avr25/libc.a(printf.o) (vfprintf)
/usr/local/CrossPack-AVR-20100115/lib/gcc/avr/4.3.3/../../../../avr/lib/avr25/libc.a(eewr_byte_attiny85.o)
                              main.o (__eewr_byte_tn85)
/usr/local/CrossPack-AVR-20100115/lib/gcc/avr/4.3.3/../../../../avr/lib/avr25/libc.a(strnlen_P.o)
                              /usr/local/CrossPack-AVR-20100115/lib/gcc/avr/4.3.3/../../../../avr/lib/avr25/libc.a(vfprintf_std.o) (strnlen_P)
/usr/local/CrossPack-AVR-20100115/lib/gcc/avr/4.3.3/../../../../avr/lib/avr25/libc.a(strnlen.o)
                              /usr/local/CrossPack-AVR-20100115/lib/gcc/avr/4.3.3/../../../../avr/lib/avr25/libc.a(vfprintf_std.o) (strnlen)
/usr/local/CrossPack-AVR-20100115/lib/gcc/avr/4.3.3/../../../../avr/lib/avr25/libc.a(fputc.o)
                              /usr/local/CrossPack-AVR-20100115/lib/gcc/avr/4.3.3/../../../../avr/lib/avr25/libc.a(vfprintf_std.o) (fputc)
/usr/local/CrossPack-AVR-20100115/lib/gcc/avr/4.3.3/../../../../avr/lib/avr25/libc.a(ultoa_invert.o)
                              /usr/local/CrossPack-AVR-20100115/lib/gcc/avr/4.3.3/../../../../avr/lib/avr25/libc.a(vfprintf_std.o) (__ultoa_invert)
/usr/local/CrossPack-AVR-20100115/lib/gcc/avr/4.3.3/avr25/libgcc.a(_mulhi3.o)
                              /usr/local/CrossPack-AVR-20100115/lib/gcc/avr/4.3.3/../../../../avr/lib/avr25/libc.a(vfprintf_std.o) (__mulhi3)
/usr/local/CrossPack-AVR-20100115/lib/gcc/avr/4.3.3/avr25/libgcc.a(_divmodhi4.o)
                              main.o (__divmodhi4)
/usr/local/CrossPack-AVR-20100115/lib/gcc/avr/4.3.3/avr25/libgcc.a(_prologue.o)
                              /usr/local/CrossPack-AVR-20100115/lib/gcc/avr/4.3.3/../../../../avr/lib/avr25/libc.a(printf.o) (__prologue_saves__)
/usr/local/CrossPack-AVR-20100115/lib/gcc/avr/4.3.3/avr25/libgcc.a(_epilogue.o)
                              /usr/local/CrossPack-AVR-20100115/lib/gcc/avr/4.3.3/../../../../avr/lib/avr25/libc.a(printf.o) (__epilogue_restores__)
/usr/local/CrossPack-AVR-20100115/lib/gcc/avr/4.3.3/avr25/libgcc.a(_exit.o)
                              /usr/local/CrossPack-AVR-20100115/lib/gcc/avr/4.3.3/../../../../avr/lib/avr25/libc.a(exit.o) (_exit)
/usr/local/CrossPack-AVR-20100115/lib/gcc/avr/4.3.3/avr25/libgcc.a(_copy_data.o)
                              main.o (__do_copy_data)
/usr/local/CrossPack-AVR-20100115/lib/gcc/avr/4.3.3/avr25/libgcc.a(_clear_bss.o)
                              main.o (__do_clear_bss)
/usr/local/CrossPack-AVR-20100115/lib/gcc/avr/4.3.3/avr25/libgcc.a(_udivmodhi4.o)
                              /usr/local/CrossPack-AVR-20100115/lib/gcc/avr/4.3.3/avr25/libgcc.a(_divmodhi4.o) (__udivmodhi4)

Allocating common symbols
Common symbol       size              file

usbTxBuf            0xb               usbdrv.o
clockstate          0x2               main.o
usbTxStatus1        0xc               usbdrv.o
poolcout            0x2               main.o
usbDeviceAddr       0x1               usbdrv.o
usbRxToken          0x1               usbdrv.o
usbInputBufOffset   0x1               usbdrv.o
usbMsgPtr           0x2               usbdrv.o
usbRxLen            0x1               usbdrv.o
usbNewDeviceAddr    0x1               usbdrv.o
usbCurrentTok       0x1               usbdrv.o
usbConfiguration    0x1               usbdrv.o
usbRxBuf            0x16              usbdrv.o
__iob               0x6               /usr/local/CrossPack-AVR-20100115/lib/gcc/avr/4.3.3/../../../../avr/lib/avr25/libc.a(iob.o)

Discarded input sections

 .data          0x00000000        0x0 /usr/local/CrossPack-AVR-20100115/lib/gcc/avr/4.3.3/../../../../avr/lib/avr25/crttn85.o
 .bss           0x00000000        0x0 /usr/local/CrossPack-AVR-20100115/lib/gcc/avr/4.3.3/../../../../avr/lib/avr25/crttn85.o
 .text          0x00000000        0x0 main.o
 .bss           0x00000000        0x0 main.o
 .text.usbEventResetReady
                0x00000000        0x0 main.o
 .text          0x00000000        0x0 usbdrv.o
 .data          0x00000000        0x0 usbdrv.o
 .bss           0x00000000        0x0 usbdrv.o
 .data          0x00000000        0x0 usbdrvasm.o
 .bss           0x00000000        0x0 usbdrvasm.o
 .text          0x00000000        0x0 /usr/local/CrossPack-AVR-20100115/lib/gcc/avr/4.3.3/../../../../avr/lib/avr25/libc.a(exit.o)
 .data          0x00000000        0x0 /usr/local/CrossPack-AVR-20100115/lib/gcc/avr/4.3.3/../../../../avr/lib/avr25/libc.a(exit.o)
 .bss           0x00000000        0x0 /usr/local/CrossPack-AVR-20100115/lib/gcc/avr/4.3.3/../../../../avr/lib/avr25/libc.a(exit.o)
 .text          0x00000000        0x0 /usr/local/CrossPack-AVR-20100115/lib/gcc/avr/4.3.3/../../../../avr/lib/avr25/libc.a(iob.o)
 .data          0x00000000        0x0 /usr/local/CrossPack-AVR-20100115/lib/gcc/avr/4.3.3/../../../../avr/lib/avr25/libc.a(iob.o)
 .bss           0x00000000        0x0 /usr/local/CrossPack-AVR-20100115/lib/gcc/avr/4.3.3/../../../../avr/lib/avr25/libc.a(iob.o)
 .text          0x00000000        0x0 /usr/local/CrossPack-AVR-20100115/lib/gcc/avr/4.3.3/../../../../avr/lib/avr25/libc.a(printf.o)
 .data          0x00000000        0x0 /usr/local/CrossPack-AVR-20100115/lib/gcc/avr/4.3.3/../../../../avr/lib/avr25/libc.a(printf.o)
 .bss           0x00000000        0x0 /usr/local/CrossPack-AVR-20100115/lib/gcc/avr/4.3.3/../../../../avr/lib/avr25/libc.a(printf.o)
 .text          0x00000000        0x0 /usr/local/CrossPack-AVR-20100115/lib/gcc/avr/4.3.3/../../../../avr/lib/avr25/libc.a(puts_p.o)
 .data          0x00000000        0x0 /usr/local/CrossPack-AVR-20100115/lib/gcc/avr/4.3.3/../../../../avr/lib/avr25/libc.a(puts_p.o)
 .bss           0x00000000        0x0 /usr/local/CrossPack-AVR-20100115/lib/gcc/avr/4.3.3/../../../../avr/lib/avr25/libc.a(puts_p.o)
 .text          0x00000000        0x0 /usr/local/CrossPack-AVR-20100115/lib/gcc/avr/4.3.3/../../../../avr/lib/avr25/libc.a(vfprintf_std.o)
 .data          0x00000000        0x0 /usr/local/CrossPack-AVR-20100115/lib/gcc/avr/4.3.3/../../../../avr/lib/avr25/libc.a(vfprintf_std.o)
 .bss           0x00000000        0x0 /usr/local/CrossPack-AVR-20100115/lib/gcc/avr/4.3.3/../../../../avr/lib/avr25/libc.a(vfprintf_std.o)
 .text          0x00000000        0x0 /usr/local/CrossPack-AVR-20100115/lib/gcc/avr/4.3.3/../../../../avr/lib/avr25/libc.a(eewr_byte_attiny85.o)
 .data          0x00000000        0x0 /usr/local/CrossPack-AVR-20100115/lib/gcc/avr/4.3.3/../../../../avr/lib/avr25/libc.a(eewr_byte_attiny85.o)
 .bss           0x00000000        0x0 /usr/local/CrossPack-AVR-20100115/lib/gcc/avr/4.3.3/../../../../avr/lib/avr25/libc.a(eewr_byte_attiny85.o)
 .text.avr-libc
                0x00000000        0x0 /usr/local/CrossPack-AVR-20100115/lib/gcc/avr/4.3.3/../../../../avr/lib/avr25/libc.a(eewr_byte_attiny85.o)
 .text          0x00000000        0x0 /usr/local/CrossPack-AVR-20100115/lib/gcc/avr/4.3.3/../../../../avr/lib/avr25/libc.a(strnlen_P.o)
 .data          0x00000000        0x0 /usr/local/CrossPack-AVR-20100115/lib/gcc/avr/4.3.3/../../../../avr/lib/avr25/libc.a(strnlen_P.o)
 .bss           0x00000000        0x0 /usr/local/CrossPack-AVR-20100115/lib/gcc/avr/4.3.3/../../../../avr/lib/avr25/libc.a(strnlen_P.o)
 .text          0x00000000        0x0 /usr/local/CrossPack-AVR-20100115/lib/gcc/avr/4.3.3/../../../../avr/lib/avr25/libc.a(strnlen.o)
 .data          0x00000000        0x0 /usr/local/CrossPack-AVR-20100115/lib/gcc/avr/4.3.3/../../../../avr/lib/avr25/libc.a(strnlen.o)
 .bss           0x00000000        0x0 /usr/local/CrossPack-AVR-20100115/lib/gcc/avr/4.3.3/../../../../avr/lib/avr25/libc.a(strnlen.o)
 .text          0x00000000        0x0 /usr/local/CrossPack-AVR-20100115/lib/gcc/avr/4.3.3/../../../../avr/lib/avr25/libc.a(fputc.o)
 .data          0x00000000        0x0 /usr/local/CrossPack-AVR-20100115/lib/gcc/avr/4.3.3/../../../../avr/lib/avr25/libc.a(fputc.o)
 .bss           0x00000000        0x0 /usr/local/CrossPack-AVR-20100115/lib/gcc/avr/4.3.3/../../../../avr/lib/avr25/libc.a(fputc.o)
 .text          0x00000000        0x0 /usr/local/CrossPack-AVR-20100115/lib/gcc/avr/4.3.3/../../../../avr/lib/avr25/libc.a(ultoa_invert.o)
 .data          0x00000000        0x0 /usr/local/CrossPack-AVR-20100115/lib/gcc/avr/4.3.3/../../../../avr/lib/avr25/libc.a(ultoa_invert.o)
 .bss           0x00000000        0x0 /usr/local/CrossPack-AVR-20100115/lib/gcc/avr/4.3.3/../../../../avr/lib/avr25/libc.a(ultoa_invert.o)
 .text          0x00000000        0x0 /usr/local/CrossPack-AVR-20100115/lib/gcc/avr/4.3.3/avr25/libgcc.a(_mulhi3.o)
 .data          0x00000000        0x0 /usr/local/CrossPack-AVR-20100115/lib/gcc/avr/4.3.3/avr25/libgcc.a(_mulhi3.o)
 .bss           0x00000000        0x0 /usr/local/CrossPack-AVR-20100115/lib/gcc/avr/4.3.3/avr25/libgcc.a(_mulhi3.o)
 .text          0x00000000        0x0 /usr/local/CrossPack-AVR-20100115/lib/gcc/avr/4.3.3/avr25/libgcc.a(_divmodhi4.o)
 .data          0x00000000        0x0 /usr/local/CrossPack-AVR-20100115/lib/gcc/avr/4.3.3/avr25/libgcc.a(_divmodhi4.o)
 .bss           0x00000000        0x0 /usr/local/CrossPack-AVR-20100115/lib/gcc/avr/4.3.3/avr25/libgcc.a(_divmodhi4.o)
 .text          0x00000000        0x0 /usr/local/CrossPack-AVR-20100115/lib/gcc/avr/4.3.3/avr25/libgcc.a(_prologue.o)
 .data          0x00000000        0x0 /usr/local/CrossPack-AVR-20100115/lib/gcc/avr/4.3.3/avr25/libgcc.a(_prologue.o)
 .bss           0x00000000        0x0 /usr/local/CrossPack-AVR-20100115/lib/gcc/avr/4.3.3/avr25/libgcc.a(_prologue.o)
 .text          0x00000000        0x0 /usr/local/CrossPack-AVR-20100115/lib/gcc/avr/4.3.3/avr25/libgcc.a(_epilogue.o)
 .data          0x00000000        0x0 /usr/local/CrossPack-AVR-20100115/lib/gcc/avr/4.3.3/avr25/libgcc.a(_epilogue.o)
 .bss           0x00000000        0x0 /usr/local/CrossPack-AVR-20100115/lib/gcc/avr/4.3.3/avr25/libgcc.a(_epilogue.o)
 .text          0x00000000        0x0 /usr/local/CrossPack-AVR-20100115/lib/gcc/avr/4.3.3/avr25/libgcc.a(_exit.o)
 .data          0x00000000        0x0 /usr/local/CrossPack-AVR-20100115/lib/gcc/avr/4.3.3/avr25/libgcc.a(_exit.o)
 .bss           0x00000000        0x0 /usr/local/CrossPack-AVR-20100115/lib/gcc/avr/4.3.3/avr25/libgcc.a(_exit.o)
 .text.libgcc   0x00000000        0x0 /usr/local/CrossPack-AVR-20100115/lib/gcc/avr/4.3.3/avr25/libgcc.a(_exit.o)
 .text          0x00000000        0x0 /usr/local/CrossPack-AVR-20100115/lib/gcc/avr/4.3.3/avr25/libgcc.a(_copy_data.o)
 .data          0x00000000        0x0 /usr/local/CrossPack-AVR-20100115/lib/gcc/avr/4.3.3/avr25/libgcc.a(_copy_data.o)
 .bss           0x00000000        0x0 /usr/local/CrossPack-AVR-20100115/lib/gcc/avr/4.3.3/avr25/libgcc.a(_copy_data.o)
 .text.libgcc   0x00000000        0x0 /usr/local/CrossPack-AVR-20100115/lib/gcc/avr/4.3.3/avr25/libgcc.a(_copy_data.o)
 .text          0x00000000        0x0 /usr/local/CrossPack-AVR-20100115/lib/gcc/avr/4.3.3/avr25/libgcc.a(_clear_bss.o)
 .data          0x00000000        0x0 /usr/local/CrossPack-AVR-20100115/lib/gcc/avr/4.3.3/avr25/libgcc.a(_clear_bss.o)
 .bss           0x00000000        0x0 /usr/local/CrossPack-AVR-20100115/lib/gcc/avr/4.3.3/avr25/libgcc.a(_clear_bss.o)
 .text.libgcc   0x00000000        0x0 /usr/local/CrossPack-AVR-20100115/lib/gcc/avr/4.3.3/avr25/libgcc.a(_clear_bss.o)
 .text          0x00000000        0x0 /usr/local/CrossPack-AVR-20100115/lib/gcc/avr/4.3.3/avr25/libgcc.a(_udivmodhi4.o)
 .data          0x00000000        0x0 /usr/local/CrossPack-AVR-20100115/lib/gcc/avr/4.3.3/avr25/libgcc.a(_udivmodhi4.o)
 .bss           0x00000000        0x0 /usr/local/CrossPack-AVR-20100115/lib/gcc/avr/4.3.3/avr25/libgcc.a(_udivmodhi4.o)

Memory Configuration

Name             Origin             Length             Attributes
text             0x00000000         0x00002000         xr
data             0x00800060         0x0000ffa0         rw !x
eeprom           0x00810000         0x00010000         rw !x
fuse             0x00820000         0x00000400         rw !x
lock             0x00830000         0x00000400         rw !x
signature        0x00840000         0x00000400         rw !x
*default*        0x00000000         0xffffffff

Linker script and memory map

LOAD /usr/local/CrossPack-AVR-20100115/lib/gcc/avr/4.3.3/../../../../avr/lib/avr25/crttn85.o
LOAD main.o
LOAD usbdrv.o
LOAD usbdrvasm.o
LOAD /usr/local/CrossPack-AVR-20100115/lib/gcc/avr/4.3.3/../../../../avr/lib/avr25/libm.a
LOAD /usr/local/CrossPack-AVR-20100115/lib/gcc/avr/4.3.3/../../../../avr/lib/avr25/libc.a
LOAD /usr/local/CrossPack-AVR-20100115/lib/gcc/avr/4.3.3/avr25/libgcc.a
LOAD /usr/local/CrossPack-AVR-20100115/lib/gcc/avr/4.3.3/../../../../avr/lib/avr25/libc.a
LOAD /usr/local/CrossPack-AVR-20100115/lib/gcc/avr/4.3.3/avr25/libgcc.a

.hash
 *(.hash)

.dynsym
 *(.dynsym)

.dynstr
 *(.dynstr)

.gnu.version
 *(.gnu.version)

.gnu.version_d
 *(.gnu.version_d)

.gnu.version_r
 *(.gnu.version_r)

.rel.init
 *(.rel.init)

.rela.init
 *(.rela.init)

.rel.text
 *(.rel.text)
 *(.rel.text.*)
 *(.rel.gnu.linkonce.t*)

.rela.text
 *(.rela.text)
 *(.rela.text.*)
 *(.rela.gnu.linkonce.t*)

.rel.fini
 *(.rel.fini)

.rela.fini
 *(.rela.fini)

.rel.rodata
 *(.rel.rodata)
 *(.rel.rodata.*)
 *(.rel.gnu.linkonce.r*)

.rela.rodata
 *(.rela.rodata)
 *(.rela.rodata.*)
 *(.rela.gnu.linkonce.r*)

.rel.data
 *(.rel.data)
 *(.rel.data.*)
 *(.rel.gnu.linkonce.d*)

.rela.data
 *(.rela.data)
 *(.rela.data.*)
 *(.rela.gnu.linkonce.d*)

.rel.ctors
 *(.rel.ctors)

.rela.ctors
 *(.rela.ctors)

.rel.dtors
 *(.rel.dtors)

.rela.dtors
 *(.rela.dtors)

.rel.got
 *(.rel.got)

.rela.got
 *(.rela.got)

.rel.bss
 *(.rel.bss)

.rela.bss
 *(.rela.bss)

.rel.plt
 *(.rel.plt)

.rela.plt
 *(.rela.plt)

.text           0x00000000     0x14d0
 *(.vectors)
 .vectors       0x00000000       0x1e /usr/local/CrossPack-AVR-20100115/lib/gcc/avr/4.3.3/../../../../avr/lib/avr25/crttn85.o
                0x00000000                __vectors
                0x00000000                __vector_default
 *(.vectors)
 *(.progmem.gcc*)
 *(.progmem*)
 .progmem.data  0x0000001e      0x12f main.o
                0x0000001e                usbDescriptorHidReport
 .progmem.data  0x0000014d       0x7a usbdrv.o
                0x00000193                usbDescriptorDevice
                0x0000014d                usbDescriptorString0
                0x000001a5                usbDescriptorConfiguration
                0x00000151                usbDescriptorStringVendor
                0x0000016d                usbDescriptorStringDevice
                0x000001c8                . = ALIGN (0x2)
 *fill*         0x000001c7        0x1 00
                0x000001c8                __trampolines_start = .
 *(.trampolines)
 .trampolines   0x000001c8        0x0 linker stubs
 *(.trampolines*)
                0x000001c8                __trampolines_end = .
 *(.jumptables)
 *(.jumptables*)
 *(.lowtext)
 *(.lowtext*)
                0x000001c8                __ctors_start = .
 *(.ctors)
                0x000001c8                __ctors_end = .
                0x000001c8                __dtors_start = .
 *(.dtors)
                0x000001c8                __dtors_end = .
 SORT(*)(.ctors)
 SORT(*)(.dtors)
 *(.init0)
 .init0         0x000001c8        0x0 /usr/local/CrossPack-AVR-20100115/lib/gcc/avr/4.3.3/../../../../avr/lib/avr25/crttn85.o
                0x000001c8                __init
 *(.init0)
 *(.init1)
 *(.init1)
 *(.init2)
 .init2         0x000001c8        0xc /usr/local/CrossPack-AVR-20100115/lib/gcc/avr/4.3.3/../../../../avr/lib/avr25/crttn85.o
 *(.init2)
 *(.init3)
 *(.init3)
 *(.init4)
 .init4         0x000001d4       0x16 /usr/local/CrossPack-AVR-20100115/lib/gcc/avr/4.3.3/avr25/libgcc.a(_copy_data.o)
                0x000001d4                __do_copy_data
 .init4         0x000001ea       0x10 /usr/local/CrossPack-AVR-20100115/lib/gcc/avr/4.3.3/avr25/libgcc.a(_clear_bss.o)
                0x000001ea                __do_clear_bss
 *(.init4)
 *(.init5)
 *(.init5)
 *(.init6)
 *(.init6)
 *(.init7)
 *(.init7)
 *(.init8)
 *(.init8)
 *(.init9)
 .init9         0x000001fa        0x4 /usr/local/CrossPack-AVR-20100115/lib/gcc/avr/4.3.3/../../../../avr/lib/avr25/crttn85.o
 *(.init9)
 *(.text)
 .text          0x000001fe        0x2 /usr/local/CrossPack-AVR-20100115/lib/gcc/avr/4.3.3/../../../../avr/lib/avr25/crttn85.o
                0x000001fe                __vector_12
                0x000001fe                __bad_interrupt
                0x000001fe                __vector_6
                0x000001fe                __vector_3
                0x000001fe                __vector_11
                0x000001fe                __vector_13
                0x000001fe                __vector_7
                0x000001fe                __vector_5
                0x000001fe                __vector_4
                0x000001fe                __vector_9
                0x000001fe                __vector_2
                0x000001fe                __vector_8
                0x000001fe                __vector_14
                0x000001fe                __vector_10
 .text          0x00000200      0x314 usbdrvasm.o
                0x00000258                __vector_1
                0x00000200                usbCrc16
                0x0000022a                usbCrc16Append
                0x00000232                usbMeasureFrameLength
                0x00000514                . = ALIGN (0x2)
 *(.text.*)
 .text.usbFunctionSetup
                0x00000514       0x8e main.o
                0x00000514                usbFunctionSetup
 .text.usbFunctionWrite
                0x000005a2       0x34 main.o
                0x000005a2                usbFunctionWrite
 .text.usbFunctionRead
                0x000005d6        0x4 main.o
                0x000005d6                usbFunctionRead
 .text.inputPoll
                0x000005da       0x44 main.o
                0x000005da                inputPoll
 .text.usbSendHidReport
                0x0000061e       0x22 main.o
                0x0000061e                usbSendHidReport
 .text.mouse_report_once
                0x00000640        0xc main.o
                0x00000640                mouse_report_once
 .text.mouse_move
                0x0000064c       0xae main.o
                0x0000064c                mouse_move
 .text.send_report_once
                0x000006fa        0xa main.o
                0x000006fa                send_report_once
 .text.addDigit
                0x00000704       0x30 main.o
 .text.main     0x00000734      0x1da main.o
                0x00000734                main
 .text.ASCII_to_keycode
                0x0000090e      0x29a main.o
                0x0000090e                ASCII_to_keycode
 .text.type_out_char
                0x00000ba8        0x4 main.o
                0x00000ba8                type_out_char
 .text.usbInit  0x00000bac       0x1a usbdrv.o
                0x00000bac                usbInit
 .text.usbSetInterrupt
                0x00000bc6       0x42 usbdrv.o
                0x00000bc6                usbSetInterrupt
 .text.usbPoll  0x00000c08      0x268 usbdrv.o
                0x00000c08                usbPoll
 .text.avr-libc
                0x00000e70        0x4 /usr/local/CrossPack-AVR-20100115/lib/gcc/avr/4.3.3/../../../../avr/lib/avr25/libc.a(exit.o)
                0x00000e70                exit
 .text.avr-libc
                0x00000e74       0x24 /usr/local/CrossPack-AVR-20100115/lib/gcc/avr/4.3.3/../../../../avr/lib/avr25/libc.a(printf.o)
                0x00000e74                printf
 .text.avr-libc
                0x00000e98       0x6a /usr/local/CrossPack-AVR-20100115/lib/gcc/avr/4.3.3/../../../../avr/lib/avr25/libc.a(puts_p.o)
                0x00000e98                puts_P
 .text.avr-libc
                0x00000f02      0x3a6 /usr/local/CrossPack-AVR-20100115/lib/gcc/avr/4.3.3/../../../../avr/lib/avr25/libc.a(vfprintf_std.o)
                0x00000f02                vfprintf
 .text.avr-libc
                0x000012a8       0x16 /usr/local/CrossPack-AVR-20100115/lib/gcc/avr/4.3.3/../../../../avr/lib/avr25/libc.a(strnlen_P.o)
                0x000012a8                strnlen_P
 .text.avr-libc
                0x000012be       0x16 /usr/local/CrossPack-AVR-20100115/lib/gcc/avr/4.3.3/../../../../avr/lib/avr25/libc.a(strnlen.o)
                0x000012be                strnlen
 .text.avr-libc
                0x000012d4       0x58 /usr/local/CrossPack-AVR-20100115/lib/gcc/avr/4.3.3/../../../../avr/lib/avr25/libc.a(fputc.o)
                0x000012d4                fputc
 .text.avr-libc
                0x0000132c       0xc0 /usr/local/CrossPack-AVR-20100115/lib/gcc/avr/4.3.3/../../../../avr/lib/avr25/libc.a(ultoa_invert.o)
                0x0000132c                __ultoa_invert
 .text.libgcc   0x000013ec       0x24 /usr/local/CrossPack-AVR-20100115/lib/gcc/avr/4.3.3/avr25/libgcc.a(_mulhi3.o)
                0x000013ec                __mulhi3
 .text.libgcc   0x00001410       0x26 /usr/local/CrossPack-AVR-20100115/lib/gcc/avr/4.3.3/avr25/libgcc.a(_divmodhi4.o)
                0x00001410                __divmodhi4
                0x00001410                _div
 .text.libgcc   0x00001436       0x38 /usr/local/CrossPack-AVR-20100115/lib/gcc/avr/4.3.3/avr25/libgcc.a(_prologue.o)
                0x00001436                __prologue_saves__
 .text.libgcc   0x0000146e       0x36 /usr/local/CrossPack-AVR-20100115/lib/gcc/avr/4.3.3/avr25/libgcc.a(_epilogue.o)
                0x0000146e                __epilogue_restores__
 .text.libgcc   0x000014a4       0x28 /usr/local/CrossPack-AVR-20100115/lib/gcc/avr/4.3.3/avr25/libgcc.a(_udivmodhi4.o)
                0x000014a4                __udivmodhi4
                0x000014cc                . = ALIGN (0x2)
 *(.fini9)
 .fini9         0x000014cc        0x0 /usr/local/CrossPack-AVR-20100115/lib/gcc/avr/4.3.3/avr25/libgcc.a(_exit.o)
                0x000014cc                _exit
 *(.fini9)
 *(.fini8)
 *(.fini8)
 *(.fini7)
 *(.fini7)
 *(.fini6)
 *(.fini6)
 *(.fini5)
 *(.fini5)
 *(.fini4)
 *(.fini4)
 *(.fini3)
 *(.fini3)
 *(.fini2)
 *(.fini2)
 *(.fini1)
 *(.fini1)
 *(.fini0)
 .fini0         0x000014cc        0x4 /usr/local/CrossPack-AVR-20100115/lib/gcc/avr/4.3.3/avr25/libgcc.a(_exit.o)
 *(.fini0)
                0x000014d0                _etext = .

.data           0x00800060       0x1c load address 0x000014d0
                0x00800060                PROVIDE (__data_start, .)
 *(.data)
 .data          0x00800060        0xb main.o
 *(.data*)
 .data.mystdout
                0x0080006b        0xe main.o
 .data.idle_rate
                0x00800079        0x1 main.o
 .data.usbTxLen
                0x0080007a        0x1 usbdrv.o
                0x0080007a                usbTxLen
 .data.usbMsgLen
                0x0080007b        0x1 usbdrv.o
 *(.rodata)
 *(.rodata*)
 *(.gnu.linkonce.d*)
                0x0080007c                . = ALIGN (0x2)
                0x0080007c                _edata = .
                0x0080007c                PROVIDE (__data_end, .)

.bss            0x0080007c       0x53
                0x0080007c                PROVIDE (__bss_start, .)
 *(.bss)
 *(.bss*)
 .bss.blink_count
                0x0080007c        0x2 main.o
                0x0080007c                blink_count
 .bss.timerCnt.1916
                0x0080007e        0x1 main.o
 .bss.LED_state
                0x0080007f        0x1 main.o
 .bss.protocol_version
                0x00800080        0x1 main.o
 .bss.keyboard_report
                0x00800081        0x6 main.o
 .bss.mouse_report
                0x00800087        0x5 main.o
 .bss.adcPending
                0x0080008c        0x1 main.o
 .bss.adcmodepool
                0x0080008d        0x1 main.o
 .bss.usbMsgFlags
                0x0080008e        0x1 usbdrv.o
 *(COMMON)
 COMMON         0x0080008f        0x4 main.o
                0x0080008f                clockstate
                0x00800091                poolcout
 COMMON         0x00800093       0x36 usbdrv.o
                0x00800093                usbTxBuf
                0x0080009e                usbTxStatus1
                0x008000aa                usbDeviceAddr
                0x008000ab                usbRxToken
                0x008000ac                usbInputBufOffset
                0x008000ad                usbMsgPtr
                0x008000af                usbRxLen
                0x008000b0                usbNewDeviceAddr
                0x008000b1                usbCurrentTok
                0x008000b2                usbConfiguration
                0x008000b3                usbRxBuf
 COMMON         0x008000c9        0x6 /usr/local/CrossPack-AVR-20100115/lib/gcc/avr/4.3.3/../../../../avr/lib/avr25/libc.a(iob.o)
                0x008000c9                __iob
                0x008000cf                PROVIDE (__bss_end, .)
                0x000014d0                __data_load_start = LOADADDR (.data)
                0x000014ec                __data_load_end = (__data_load_start + SIZEOF (.data))

.noinit         0x008000cf        0x0
                0x008000cf                PROVIDE (__noinit_start, .)
 *(.noinit*)
                0x008000cf                PROVIDE (__noinit_end, .)
                0x008000cf                _end = .
                0x008000cf                PROVIDE (__heap_start, .)

.eeprom         0x00810000        0x0
 *(.eeprom*)
                0x00810000                __eeprom_end = .

.fuse
 *(.fuse)
 *(.lfuse)
 *(.hfuse)
 *(.efuse)

.lock
 *(.lock*)

.signature
 *(.signature*)

.stab           0x00000000      0xd98
 *(.stab)
 .stab          0x00000000      0x6b4 /usr/local/CrossPack-AVR-20100115/lib/gcc/avr/4.3.3/../../../../avr/lib/avr25/crttn85.o
 .stab          0x000006b4       0x30 /usr/local/CrossPack-AVR-20100115/lib/gcc/avr/4.3.3/../../../../avr/lib/avr25/libc.a(exit.o)
                                 0x3c (size before relaxing)
 .stab          0x000006e4       0xe4 /usr/local/CrossPack-AVR-20100115/lib/gcc/avr/4.3.3/../../../../avr/lib/avr25/libc.a(eewr_byte_attiny85.o)
                                 0xf0 (size before relaxing)
 .stab          0x000007c8       0x9c /usr/local/CrossPack-AVR-20100115/lib/gcc/avr/4.3.3/../../../../avr/lib/avr25/libc.a(strnlen_P.o)
                                 0xa8 (size before relaxing)
 .stab          0x00000864       0x9c /usr/local/CrossPack-AVR-20100115/lib/gcc/avr/4.3.3/../../../../avr/lib/avr25/libc.a(strnlen.o)
                                 0xa8 (size before relaxing)
 .stab          0x00000900      0x498 /usr/local/CrossPack-AVR-20100115/lib/gcc/avr/4.3.3/../../../../avr/lib/avr25/libc.a(ultoa_invert.o)
                                0x4a4 (size before relaxing)

.stabstr        0x00000000      0x258
 *(.stabstr)
 .stabstr       0x00000000      0x258 /usr/local/CrossPack-AVR-20100115/lib/gcc/avr/4.3.3/../../../../avr/lib/avr25/crttn85.o

.stab.excl
 *(.stab.excl)

.stab.exclstr
 *(.stab.exclstr)

.stab.index
 *(.stab.index)

.stab.indexstr
 *(.stab.indexstr)

.comment
 *(.comment)

.debug
 *(.debug)

.line
 *(.line)

.debug_srcinfo
 *(.debug_srcinfo)

.debug_sfnames
 *(.debug_sfnames)

.debug_aranges  0x00000000      0x150
 *(.debug_aranges)
 .debug_aranges
                0x00000000       0x80 main.o
 .debug_aranges
                0x00000080       0x30 usbdrv.o
 .debug_aranges
                0x000000b0       0x20 usbdrvasm.o
 .debug_aranges
                0x000000d0       0x20 /usr/local/CrossPack-AVR-20100115/lib/gcc/avr/4.3.3/../../../../avr/lib/avr25/libc.a(printf.o)
 .debug_aranges
                0x000000f0       0x20 /usr/local/CrossPack-AVR-20100115/lib/gcc/avr/4.3.3/../../../../avr/lib/avr25/libc.a(puts_p.o)
 .debug_aranges
                0x00000110       0x20 /usr/local/CrossPack-AVR-20100115/lib/gcc/avr/4.3.3/../../../../avr/lib/avr25/libc.a(vfprintf_std.o)
 .debug_aranges
                0x00000130       0x20 /usr/local/CrossPack-AVR-20100115/lib/gcc/avr/4.3.3/../../../../avr/lib/avr25/libc.a(fputc.o)

.debug_pubnames
                0x00000000      0x35c
 *(.debug_pubnames)
 .debug_pubnames
                0x00000000      0x13b main.o
 .debug_pubnames
                0x0000013b      0x190 usbdrv.o
 .debug_pubnames
                0x000002cb       0x1c /usr/local/CrossPack-AVR-20100115/lib/gcc/avr/4.3.3/../../../../avr/lib/avr25/libc.a(iob.o)
 .debug_pubnames
                0x000002e7       0x1d /usr/local/CrossPack-AVR-20100115/lib/gcc/avr/4.3.3/../../../../avr/lib/avr25/libc.a(printf.o)
 .debug_pubnames
                0x00000304       0x1d /usr/local/CrossPack-AVR-20100115/lib/gcc/avr/4.3.3/../../../../avr/lib/avr25/libc.a(puts_p.o)
 .debug_pubnames
                0x00000321       0x1f /usr/local/CrossPack-AVR-20100115/lib/gcc/avr/4.3.3/../../../../avr/lib/avr25/libc.a(vfprintf_std.o)
 .debug_pubnames
                0x00000340       0x1c /usr/local/CrossPack-AVR-20100115/lib/gcc/avr/4.3.3/../../../../avr/lib/avr25/libc.a(fputc.o)

.debug_info     0x00000000     0x1cdd
 *(.debug_info)
 .debug_info    0x00000000      0x9f5 main.o
 .debug_info    0x000009f5      0x8de usbdrv.o
 .debug_info    0x000012d3       0x7d usbdrvasm.o
 .debug_info    0x00001350      0x156 /usr/local/CrossPack-AVR-20100115/lib/gcc/avr/4.3.3/../../../../avr/lib/avr25/libc.a(iob.o)
 .debug_info    0x000014a6      0x1b4 /usr/local/CrossPack-AVR-20100115/lib/gcc/avr/4.3.3/../../../../avr/lib/avr25/libc.a(printf.o)
 .debug_info    0x0000165a      0x1d1 /usr/local/CrossPack-AVR-20100115/lib/gcc/avr/4.3.3/../../../../avr/lib/avr25/libc.a(puts_p.o)
 .debug_info    0x0000182b      0x348 /usr/local/CrossPack-AVR-20100115/lib/gcc/avr/4.3.3/../../../../avr/lib/avr25/libc.a(vfprintf_std.o)
 .debug_info    0x00001b73      0x16a /usr/local/CrossPack-AVR-20100115/lib/gcc/avr/4.3.3/../../../../avr/lib/avr25/libc.a(fputc.o)
 *(.gnu.linkonce.wi.*)

.debug_abbrev   0x00000000      0xbad
 *(.debug_abbrev)
 .debug_abbrev  0x00000000      0x35c main.o
 .debug_abbrev  0x0000035c      0x2b2 usbdrv.o
 .debug_abbrev  0x0000060e       0x14 usbdrvasm.o
 .debug_abbrev  0x00000622       0xd0 /usr/local/CrossPack-AVR-20100115/lib/gcc/avr/4.3.3/../../../../avr/lib/avr25/libc.a(iob.o)
 .debug_abbrev  0x000006f2      0x10f /usr/local/CrossPack-AVR-20100115/lib/gcc/avr/4.3.3/../../../../avr/lib/avr25/libc.a(printf.o)
 .debug_abbrev  0x00000801      0x13e /usr/local/CrossPack-AVR-20100115/lib/gcc/avr/4.3.3/../../../../avr/lib/avr25/libc.a(puts_p.o)
 .debug_abbrev  0x0000093f      0x193 /usr/local/CrossPack-AVR-20100115/lib/gcc/avr/4.3.3/../../../../avr/lib/avr25/libc.a(vfprintf_std.o)
 .debug_abbrev  0x00000ad2       0xdb /usr/local/CrossPack-AVR-20100115/lib/gcc/avr/4.3.3/../../../../avr/lib/avr25/libc.a(fputc.o)

.debug_line     0x00000000     0x170a
 *(.debug_line)
 .debug_line    0x00000000      0x953 main.o
 .debug_line    0x00000953      0x416 usbdrv.o
 .debug_line    0x00000d69      0x1f2 usbdrvasm.o
 .debug_line    0x00000f5b       0x83 /usr/local/CrossPack-AVR-20100115/lib/gcc/avr/4.3.3/../../../../avr/lib/avr25/libc.a(iob.o)
 .debug_line    0x00000fde      0x106 /usr/local/CrossPack-AVR-20100115/lib/gcc/avr/4.3.3/../../../../avr/lib/avr25/libc.a(printf.o)
 .debug_line    0x000010e4       0xc8 /usr/local/CrossPack-AVR-20100115/lib/gcc/avr/4.3.3/../../../../avr/lib/avr25/libc.a(puts_p.o)
 .debug_line    0x000011ac      0x487 /usr/local/CrossPack-AVR-20100115/lib/gcc/avr/4.3.3/../../../../avr/lib/avr25/libc.a(vfprintf_std.o)
 .debug_line    0x00001633       0xd7 /usr/local/CrossPack-AVR-20100115/lib/gcc/avr/4.3.3/../../../../avr/lib/avr25/libc.a(fputc.o)

.debug_frame    0x00000000      0x1a0
 *(.debug_frame)
 .debug_frame   0x00000000       0xe0 main.o
 .debug_frame   0x000000e0       0x40 usbdrv.o
 .debug_frame   0x00000120       0x20 /usr/local/CrossPack-AVR-20100115/lib/gcc/avr/4.3.3/../../../../avr/lib/avr25/libc.a(printf.o)
 .debug_frame   0x00000140       0x20 /usr/local/CrossPack-AVR-20100115/lib/gcc/avr/4.3.3/../../../../avr/lib/avr25/libc.a(puts_p.o)
 .debug_frame   0x00000160       0x20 /usr/local/CrossPack-AVR-20100115/lib/gcc/avr/4.3.3/../../../../avr/lib/avr25/libc.a(vfprintf_std.o)
 .debug_frame   0x00000180       0x20 /usr/local/CrossPack-AVR-20100115/lib/gcc/avr/4.3.3/../../../../avr/lib/avr25/libc.a(fputc.o)

.debug_str      0x00000000      0x7a0
 *(.debug_str)
 .debug_str     0x00000000      0x3af main.o
                                0x40f (size before relaxing)
 .debug_str     0x000003af      0x287 usbdrv.o
                                0x410 (size before relaxing)
 .debug_str     0x00000636       0x7d /usr/local/CrossPack-AVR-20100115/lib/gcc/avr/4.3.3/../../../../avr/lib/avr25/libc.a(iob.o)
                                0x121 (size before relaxing)
 .debug_str     0x000006b3       0x3e /usr/local/CrossPack-AVR-20100115/lib/gcc/avr/4.3.3/../../../../avr/lib/avr25/libc.a(printf.o)
                                0x154 (size before relaxing)
 .debug_str     0x000006f1       0x24 /usr/local/CrossPack-AVR-20100115/lib/gcc/avr/4.3.3/../../../../avr/lib/avr25/libc.a(puts_p.o)
                                0x146 (size before relaxing)
 .debug_str     0x00000715       0x69 /usr/local/CrossPack-AVR-20100115/lib/gcc/avr/4.3.3/../../../../avr/lib/avr25/libc.a(vfprintf_std.o)
                                0x19a (size before relaxing)
 .debug_str     0x0000077e       0x22 /usr/local/CrossPack-AVR-20100115/lib/gcc/avr/4.3.3/../../../../avr/lib/avr25/libc.a(fputc.o)
                                0x12a (size before relaxing)

.debug_loc      0x00000000      0xc30
 *(.debug_loc)
 .debug_loc     0x00000000      0x34d main.o
 .debug_loc     0x0000034d      0x3b9 usbdrv.o
 .debug_loc     0x00000706       0x5e /usr/local/CrossPack-AVR-20100115/lib/gcc/avr/4.3.3/../../../../avr/lib/avr25/libc.a(puts_p.o)
 .debug_loc     0x00000764      0x46c /usr/local/CrossPack-AVR-20100115/lib/gcc/avr/4.3.3/../../../../avr/lib/avr25/libc.a(vfprintf_std.o)
 .debug_loc     0x00000bd0       0x60 /usr/local/CrossPack-AVR-20100115/lib/gcc/avr/4.3.3/../../../../avr/lib/avr25/libc.a(fputc.o)

.debug_macinfo
 *(.debug_macinfo)
OUTPUT(output/AVRTestingDevice.elf elf32-avr)
LOAD linker stubs

.debug_ranges   0x00000000      0x1b8
 .debug_ranges  0x00000000       0xc8 main.o
 .debug_ranges  0x000000c8       0x78 usbdrv.o
 .debug_ranges  0x00000140       0x18 /usr/local/CrossPack-AVR-20100115/lib/gcc/avr/4.3.3/../../../../avr/lib/avr25/libc.a(printf.o)
 .debug_ranges  0x00000158       0x18 /usr/local/CrossPack-AVR-20100115/lib/gcc/avr/4.3.3/../../../../avr/lib/avr25/libc.a(puts_p.o)
 .debug_ranges  0x00000170       0x30 /usr/local/CrossPack-AVR-20100115/lib/gcc/avr/4.3.3/../../../../avr/lib/avr25/libc.a(vfprintf_std.o)
 .debug_ranges  0x000001a0       0x18 /usr/local/CrossPack-AVR-20100115/lib/gcc/avr/4.3.3/../../../../avr/lib/avr25/libc.a(fputc.o)
